should contain the api key:
  1: |
    apiVersion: v1
    data:
      pagerdutyApiKey: bXltYXR0ZXJtb3N0YXBpa2V5
    kind: Secret
    metadata:
      name: RELEASE-NAME-teleport-plugin-pagerduty-secret
    type: Opaque
