should contain the api key:
  1: |
    apiVersion: v1
    data:
      appSecret: bXktYXBwLXNlY3JldA==
    kind: Secret
    metadata:
      name: RELEASE-NAME-teleport-plugin-ms-teams-secret
    type: Opaque
